// Jest Snapshot v1, https://goo.gl/fbAQLP

exports[`Render component Tabs correctly Render component Tab Overview 1`] = `
Array [
  <nav
    className="movie-nav movie-card__nav"
  >
    <ul
      className="movie-nav__list"
    >
      <li
        className="movie-nav__item movie-nav__item--active"
      >
        <a
          className="movie-nav__link"
          href="#"
          onClick={[Function]}
        >
          Overview
        </a>
      </li>
      <li
        className="movie-nav__item "
      >
        <a
          className="movie-nav__link"
          href="#"
          onClick={[Function]}
        >
          Details
        </a>
      </li>
      <li
        className="movie-nav__item "
      >
        <a
          className="movie-nav__link"
          href="#"
          onClick={[Function]}
        >
          Reviews
        </a>
      </li>
    </ul>
  </nav>,
  <div
    className="movie-rating"
  >
    <div
      className="movie-rating__score"
    >
      1.5
    </div>
    <p
      className="movie-rating__meta"
    >
      <span
        className="movie-rating__level"
      >
        Bad
        
        
        
        
      </span>
      <span
        className="movie-rating__count"
      >
        1635992
         ratings
      </span>
    </p>
  </div>,
  <div
    className="movie-card__text"
  >
    <p>
      The lives of two mob hitmen, a boxer, a gangster & his wife, and a pair of diner bandits intertwine in four tales of violence and redemption.
    </p>
    <p
      className="movie-card__director"
    >
      <strong>
        Director: 
        Quentin Tarantino
      </strong>
    </p>
    <p
      className="movie-card__starring"
    >
      <strong>
        Starring: 
        John Travolta, Uma Thurman, Samuel L. Jackson
        
      </strong>
    </p>
  </div>,
]
`;

exports[`Render component Tabs correctly Render component Tab Reviews 1`] = `
Array [
  <nav
    className="movie-nav movie-card__nav"
  >
    <ul
      className="movie-nav__list"
    >
      <li
        className="movie-nav__item "
      >
        <a
          className="movie-nav__link"
          href="#"
          onClick={[Function]}
        >
          Overview
        </a>
      </li>
      <li
        className="movie-nav__item "
      >
        <a
          className="movie-nav__link"
          href="#"
          onClick={[Function]}
        >
          Details
        </a>
      </li>
      <li
        className="movie-nav__item movie-nav__item--active"
      >
        <a
          className="movie-nav__link"
          href="#"
          onClick={[Function]}
        >
          Reviews
        </a>
      </li>
    </ul>
  </nav>,
  <div
    className="movie-card__reviews movie-card__row"
  >
    <div
      className="movie-card__reviews-col"
    >
      <div
        className="review"
      >
        <blockquote
          className="review__quote"
        >
          <p
            className="review__text"
          >
            I love this movie. This film is a milestone in cinematography. Great Immersive camera-work. This film is an experience and i has already seen it 4 times and I only see more quality of the film.
          </p>
          <footer
            className="review__details"
          >
            <cite
              className="review__author"
            >
              Christina
            </cite>
            <time
              className="review__date"
              dateTime="2020-10-09T13:38:44.769Z"
            >
              October 9, 2020
            </time>
          </footer>
        </blockquote>
        <div
          className="review__rating"
        >
          3.3
        </div>
      </div>
      <div
        className="review"
      >
        <blockquote
          className="review__quote"
        >
          <p
            className="review__text"
          >
            Great Immersive camera-work. This film is an experience and i has already seen it 4 times and I only see more quality of the film.
          </p>
          <footer
            className="review__details"
          >
            <cite
              className="review__author"
            >
              Olga
            </cite>
            <time
              className="review__date"
              dateTime="2019-30-08T13:38:44.769Z"
            >
              Invalid Date
            </time>
          </footer>
        </blockquote>
        <div
          className="review__rating"
        >
          8.3
        </div>
      </div>
    </div>
    <div
      className="movie-card__reviews-col"
    >
      <div
        className="review"
      >
        <blockquote
          className="review__quote"
        >
          <p
            className="review__text"
          >
            I love this movie.
          </p>
          <footer
            className="review__details"
          >
            <cite
              className="review__author"
            >
              Maks
            </cite>
            <time
              className="review__date"
              dateTime="2020-13-09T08:38:44.769Z"
            >
              Invalid Date
            </time>
          </footer>
        </blockquote>
        <div
          className="review__rating"
        >
          5
        </div>
      </div>
    </div>
  </div>,
]
`;
